// Jest Snapshot v1, https://goo.gl/fbAQLP

exports[`Event DOM rendering renders correctly with custom logo CSS class name 1`] = `
<div
  className="general"
>
  <i
    className="kw-custom-logo-large-type"
    style={
      Object {
        "backgroundImage": "url(assets/icons/football.svg)",
      }
    }
  />
</div>
`;

exports[`Event DOM rendering renders correctly with default props 1`] = `
<div
  className="general"
>
  <i
    className="kw-custom-logo-large-type"
    style={
      Object {
        "backgroundImage": "url(assets/icons/football.svg)",
      }
    }
  />
</div>
`;
